GIT_BRANCHES=[{'test':'toto'}]

DEBUG=0
VERBOSE=0

WHATEVER="toto"
